<html>
<body>
<pre>
<h1>µVision Build Log</h1>
<h2>Project:</h2>
C:\Users\janek\Desktop\Prog_obowiazkowy\Konwersje\konwersje.uvproj
Project File Date:  03/11/2022

<h2>Output:</h2>
Build target 'Target 1'
assembling Startup.s...
compiling main.c...
main.c(17): warning:  #186-D: pointless comparison of unsigned integer with zero
main.c(70): error:  #65: expected a ";"
main.c(76): error:  #20: identifier "acStringC" is undefined
main.c(72): warning:  #550-D: variable "eRes" was set but never used
".\konwersje.axf" - 2 Errors, 2 Warning(s).
Target not created
Build target 'Target 1'
compiling main.c...
main.c(17): warning:  #186-D: pointless comparison of unsigned integer with zero
main.c(72): warning:  #550-D: variable "eRes" was set but never used
linking...
Program Size: Code=968 RO-data=16 RW-data=0 ZI-data=1256  
".\konwersje.axf" - 0 Errors, 2 Warning(s).
